============================================================
1. DATASET CHECK
============================================================
  Total samples : 2500
  Label distribution:
    Constant Folding                        520  ####################
    Dead Code Elimination                   500  ####################
    Loop Unrolling                          490  ###################
    Common Subexpression Elimination        485  ###################
    Copy Propagation                        505  ####################

  Sample entry from dataset:
    label    : 3 (Common Subexpression Elimination)
    features : [2, 0, 2, 8, 2]
    code snippet (first 5 lines):
      int main() {
          int v1 = 10;
          int v2 = 20;
          int v3 = v1 + v2;
          int v4 = v1 + v2;

============================================================
2. ACCURACY EVALUATION (pre-trained weights, 80/20 split)
============================================================
  Weights loaded from: model_weights.json
  Train accuracy : 100.00%  (2000/2000)
  Test  accuracy : 100.00%  (500/500)

  Per-class test accuracy:
    Constant Folding                       100.0%  ####################
    Dead Code Elimination                  100.0%  ####################
    Loop Unrolling                         100.0%  ####################
    Common Subexpression Elimination       100.0%  ####################
    Copy Propagation                       100.0%  ####################

============================================================
3. LIVE PREDICTION TESTS
============================================================
  Features: [loop_count, const_assigns, unused_vars, subexpr_repeats, var_to_var_assigns]

  [OK] High constant assignments
      Features   : [0, 12, 0, 0, 0]
      Expected   : Constant Folding
      Predicted  : Constant Folding  (confidence: 100.0%)
      Probs      : ['100.0%', '0.0%', '0.0%', '0.0%', '0.0%']

  [OK] Many unused variables
      Features   : [0, 0, 10, 0, 0]
      Expected   : Dead Code Elimination
      Predicted  : Dead Code Elimination  (confidence: 100.0%)
      Probs      : ['0.0%', '100.0%', '0.0%', '0.0%', '0.0%']

  [OK] Many loops
      Features   : [8, 0, 0, 0, 0]
      Expected   : Loop Unrolling
      Predicted  : Loop Unrolling  (confidence: 100.0%)
      Probs      : ['0.0%', '0.0%', '100.0%', '0.0%', '0.0%']

  [OK] Repeated subexpressions
      Features   : [0, 0, 0, 9, 0]
      Expected   : Common Subexpression Elimination
      Predicted  : Common Subexpression Elimination  (confidence: 100.0%)
      Probs      : ['0.0%', '0.0%', '0.0%', '100.0%', '0.0%']

  [OK] Many var-to-var copies
      Features   : [0, 0, 0, 0, 11]
      Expected   : Copy Propagation
      Predicted  : Copy Propagation  (confidence: 100.0%)
      Probs      : ['0.0%', '0.0%', '0.0%', '0.0%', '100.0%']

  [INFO] Mixed features (no expected)
      Features   : [3, 4, 1, 2, 1]
      Expected   : N/A
      Predicted  : Constant Folding  (confidence: 17.7%)
      Probs      : ['17.7%', '0.0%', '1.6%', '0.0%', '0.0%']

  Labeled tests: 5/5 correct

============================================================
  All checks complete.
============================================================
